../Core/Src/main.c:106:5:main	5
../Core/Src/main.c:183:6:SystemClock_Config	4
../Core/Src/main.c:230:13:MX_ADC1_Init	3
../Core/Src/main.c:277:13:MX_TIM2_Init	4
../Core/Src/main.c:326:13:MX_USART2_UART_Init	2
../Core/Src/main.c:359:13:MX_GPIO_Init	1
../Core/Src/main.c:394:6:UART_StartReception	1
../Core/Src/main.c:399:6:UART_SendString	1
../Core/Src/main.c:404:6:UART_SendPrompt	1
../Core/Src/main.c:409:6:NormalizeCommand	3
../Core/Src/main.c:419:6:EnterAutonomousMode	1
../Core/Src/main.c:426:6:EnterDebugMode	1
../Core/Src/main.c:440:6:CheckModeButton	6
../Core/Src/main.c:472:6:AutonomousTask	2
../Core/Src/main.c:483:10:ReadADCValue	2
../Core/Src/main.c:497:6:SendSensorData	1
../Core/Src/main.c:510:6:SetPWMDuty	1
../Core/Src/main.c:517:6:ProcessCommand	9
../Core/Src/main.c:563:6:HAL_UART_RxCpltCallback	6
../Core/Src/main.c:605:6:Error_Handler	1
