../Core/Src/main.c:106:5:main	8	static
../Core/Src/main.c:183:6:SystemClock_Config	88	static
../Core/Src/main.c:230:13:MX_ADC1_Init	24	static
../Core/Src/main.c:277:13:MX_TIM2_Init	48	static
../Core/Src/main.c:326:13:MX_USART2_UART_Init	8	static
../Core/Src/main.c:359:13:MX_GPIO_Init	40	static
../Core/Src/main.c:394:6:UART_StartReception	8	static
../Core/Src/main.c:399:6:UART_SendString	16	static
../Core/Src/main.c:404:6:UART_SendPrompt	8	static
../Core/Src/main.c:409:6:NormalizeCommand	24	static
../Core/Src/main.c:419:6:EnterAutonomousMode	8	static
../Core/Src/main.c:426:6:EnterDebugMode	8	static
../Core/Src/main.c:440:6:CheckModeButton	16	static
../Core/Src/main.c:472:6:AutonomousTask	8	static
../Core/Src/main.c:483:10:ReadADCValue	16	static
../Core/Src/main.c:497:6:SendSensorData	168	static
../Core/Src/main.c:510:6:SetPWMDuty	24	static
../Core/Src/main.c:517:6:ProcessCommand	24	static
../Core/Src/main.c:563:6:HAL_UART_RxCpltCallback	24	static
../Core/Src/main.c:605:6:Error_Handler	4	static,ignoring_inline_asm
