../Core/Src/bmp280.c:14:16:BMP280_ReadReg	32	static
../Core/Src/bmp280.c:28:13:BMP280_WriteReg	24	static
../Core/Src/bmp280.c:39:13:BMP280_ReadBytes	16	static
../Core/Src/bmp280.c:51:9:BMP280_Init	24	static
../Core/Src/bmp280.c:78:9:BMP280_ReadID	8	static
../Core/Src/bmp280.c:85:6:BMP280_ReadCalibration	32	static
../Core/Src/bmp280.c:107:6:BMP280_ReadRaw	24	static
../Core/Src/bmp280.c:119:7:BMP280_CompensateTemp	32	static
../Core/Src/bmp280.c:134:7:BMP280_CompensatePress	328	static
../Core/Src/bmp280.c:159:6:BMP280_ReadData	24	static
