../Core/Src/main.c:89:6:MoverMotores	7
../Core/Src/main.c:118:6:DispararUltrasonido	2
../Core/Src/main.c:128:6:HAL_TIM_IC_CaptureCallback	7
../Core/Src/main.c:163:6:LeerSensoresLinea	1
../Core/Src/main.c:179:9:BordeDetectado	5
../Core/Src/main.c:193:5:main	8
../Core/Src/main.c:287:6:SystemClock_Config	3
../Core/Src/main.c:309:13:MX_TIM2_Init	7
../Core/Src/main.c:336:13:MX_TIM3_Init	6
../Core/Src/main.c:361:13:MX_USART1_UART_Init	2
../Core/Src/main.c:374:13:MX_ADC1_Init	6
../Core/Src/main.c:404:13:MX_DMA_Init	1
../Core/Src/main.c:411:13:MX_GPIO_Init	1
../Core/Src/main.c:440:6:Error_Handler	1
