../Core/Src/main.c:87:5:main	16	static
../Core/Src/main.c:174:6:SystemClock_Config	88	static
../Core/Src/main.c:221:13:MX_ADC1_Init	24	static
../Core/Src/main.c:268:13:MX_TIM1_Init	80	static
../Core/Src/main.c:345:13:MX_TIM3_Init	32	static
../Core/Src/main.c:393:13:MX_USART3_UART_Init	8	static
../Core/Src/main.c:426:13:MX_GPIO_Init	40	static
../Core/Src/main.c:475:6:MoverMotores	16	static
../Core/Src/main.c:510:6:LeerSensores	16	static
../Core/Src/main.c:527:6:MedirDistancia	24	static,ignoring_inline_asm
../Core/Src/main.c:562:6:Error_Handler	4	static,ignoring_inline_asm
