../Core/Src/main.c:74:6:MoverMotores	16	static
../Core/Src/main.c:103:6:DispararUltrasonido	16	static,ignoring_inline_asm
../Core/Src/main.c:113:6:HAL_TIM_IC_CaptureCallback	24	static
../Core/Src/main.c:149:5:main	72	static
../Core/Src/main.c:218:6:SystemClock_Config	72	static
../Core/Src/main.c:239:13:MX_TIM2_Init	64	static
../Core/Src/main.c:266:13:MX_TIM3_Init	48	static
../Core/Src/main.c:291:13:MX_USART1_UART_Init	8	static
../Core/Src/main.c:304:13:MX_GPIO_Init	40	static
../Core/Src/main.c:334:6:Error_Handler	4	static,ignoring_inline_asm
